Setup redi --- docker run -d --name redis -p 6379:6379  redis:latest

docker exce -it id bash 
redis-cli 
 

Redis store all data in key value pair ---- in string 


Redis use ram to store data 

timw to live- how longer it will remian in redis (ttl) ----- (-1 infinite )


127.0.0.1:6379> keys *
1) "name"
2) "age" value pairs
127.0.0.1:6379> set name suryansh                                                                                                                               
OK
127.0.0.1:6379> set age 21
OK
127.0.0.1:6379> get age
"21"
127.0.0.1:6379> get name
"suryansh"
127.0.0.1:6379> exist name
(error) ERR unknown command 'exist', with args beginning with: 'name' 
127.0.0.1:6379> exists name
(integer) 1
127.0.0.1:6379> keys *
1) "name"
2) "age"
127.0.0.1:6379> flushall  (delete all data )

127.0.0.1:6379> expire name 20
(integer) 0
127.0.0.1:6379> ttl name
(integer) -2
127.0.0.1:6379> get name
(nil)
127.0.0.1:6379> set name suryansh
OK
127.0.0.1:6379> expire name 30
(integer) 1
127.0.0.1:6379> ttl name
(integer) 27
127.0.0.1:6379> ttl name
(integer) 23
127.0.0.1:6379> setex name 50 suryansh (set and expirte together)
OK



LIST {}{}{}{}


lpush (push to left )
rpush (push to right)

127.0.0.1:6379> lpush fruit apple
(integer) 1
127.0.0.1:6379> lrange fruit 0 -1
1) "apple"
127.0.0.1:6379> lpush fruit organge
(integer) 2
127.0.0.1:6379> lrange fruit 0 -1
1) "organge"
2) "apple"
127.0.0.1:6379> rpush fruit banana
(integer) 3
127.0.0.1:6379> lrange fruit 0 -1
1) "organge"
2) "apple"
3) "banana"
127.0.0.1:6379> lpop fruit
"organge"
127.0.0.1:6379>


SET {}{}{}{}{}{} (store unique element )

127.0.0.1:6379> sadd name "suryansh sharma"
(integer) 1
127.0.0.1:6379> smember name
(error) ERR unknown command 'smember', with args beginning with: 'name' 
127.0.0.1:6379> smembers name
1) "suryansh sharma"
127.0.0.1:6379> sadd name "suryansh sharma"
(integer) 0
127.0.0.1:6379> smembers name
1) "suryansh sharma"
127.0.0.1:6379> sadd name "kumar sharma"
(integer) 1
127.0.0.1:6379> smembers name
1) "suryansh sharma"
2) "suryansh sharma "
3) "kumar sharma"
127.0.0.1:6379> srem name "kumar sharma"
(integer) 1
127.0.0.1:6379> smembers name
1) "suryansh sharma"
127.0.0.1:6379>


HASH-SET {}{}{}{}{}{}



127.0.0.1:6379> hset person name suryansh
(integer) 1
127.0.0.1:6379> hget person name
"suryansh"
127.0.0.1:6379> hset person age 21
(integer) 1
127.0.0.1:6379> hgetall person
1) "name"
2) "suryansh"
3) "age"
4) "21"
127.0.0.1:6379> hdel person age
(integer) 1
127.0.0.1:6379> hgetall person
1) "name"
2) "suryansh"
127.0.0.1:6379> hexists person name
(integer) 1
127.0.0.1:6379> hexists person age
(integer) 0
127.0.0.1:6379>